{
  "name": "name",
  "representative": "representative",
  "telephone_number": "012-3456-7890",
  "postal_code": "123-4567",
  "address": "Tokyo Shinjyuku-ku"
}
